// Jest Snapshot v1, https://goo.gl/fbAQLP

exports[`Accounts performMfaChallenge throws error when no mfaToken exists in storage: mfaToken-not-available 1`] = `[Error: mfaToken is not available in storage]`;
