// Jest Snapshot v1, https://goo.gl/fbAQLP

exports[`AccountsTypeorm createUser should create a new user 1`] = `
Object {
  "address": "foo@bar.baz",
  "id": Any<String>,
  "userId": Any<String>,
  "verified": false,
}
`;

exports[`AccountsTypeorm createUser should create a new user 2`] = `
Object {
  "password": Array [
    Object {
      "bcrypt": "foobarbaz",
    },
  ],
}
`;
